Godot Engine v4.6.3.stable.official.7d41c59c4 - https://godotengine.org

Compiling source: 'D:/work2/godot_demo_v2/protocol/game.proto', output: 'D:/work2/godot_demo_v2/client/Scirpt/proto/game_proto.gd'.

1. Parsing:
D:/work2/godot_demo_v2/protocol/game.proto: parsing.
* Parsing completed successfully. *

2. Perfoming semantic analysis:
D:/work2/godot_demo_v2/protocol/game.proto: analysis.
* Semantic analysis completed successfully. *

3. Output file creating:
Performing full semantic analysis.
Performing translation.
* Output file was created successfully. *
Compiled 'D:/work2/godot_demo_v2/protocol/game.proto' to 'D:/work2/godot_demo_v2/client/Scirpt/proto/game_proto.gd'.
SCRIPT ERROR: Trying to assign value of type 'Singleton.gd' to a variable of type 'WebSocketTransport.gd'.
   at: _ready (res://Scirpt/app/GameBootstrap.gd:9)
   GDScript backtrace (most recent call first):
       [0] _ready (res://Scirpt/app/GameBootstrap.gd:9)
SCRIPT ERROR: Invalid call. Nonexistent function 'poll' in base 'Nil'.
   at: _process (res://Scirpt/app/GameBootstrap.gd:12)
   GDScript backtrace (most recent call first):
       [0] _process (res://Scirpt/app/GameBootstrap.gd:12)
